---
source: fleet-ui/src/spotlight_overlay.rs
assertion_line: 525
expression: "format!(\"{}\", terminal.backend())"
---
"           ╭────────────────────────────────────────────────────────────────────────────╮           "
"           │                                                                            │           "
"           │ ⌕  split▏                                                             ⌘ K  │           "
"           │ ────────────────────────────────────────────────────────────────────────── │           "
"           │                                                                            │           "
"           │ TOP HIT                                                                    │           "
"           │                                                                            │           "
"           │   ⊟   Horizontal split                                       tmux · h   ›  │           "
"           │       Split active pane top/bottom                                         │           "
"           │  PANE                                                                      │           "
"           │   ⊞   Vertical split                                                   v   │           "
"           │        Split active pane left/right                                        │           "
"           │   ⤢   Zoom pane                                                        z   │           "
"           │        Toggle full-screen for this pane                                    │           "
"           │   ⇄   Swap with marked pane                                            s   │           "
"           │        codex-ricsi-zazrifka ⇄ marked                                       │           "
"           │                                                                            │           "
"           │  SESSION · codex-admin-kollarrobert                                        │           "
"           │   ⧉   Copy whole session                                              ⇧C   │           "
"           │        180 lines · transcript                                              │           "
"           │   ☰   Queue message                                                    ↹   │           "
"           │        Send to agent on next idle                                          │           "
"           │   ⌚   Search history…                                                 /   │           " Hidden by multi-width symbols: [(16, " ")]
"           │        Across all 7 panes                                                  │           "
"           │                                                                            │           "
"           │  FLEET                                                                     │           "
"           │   +   Spawn new codex worker                                      Ctrl N   │           "
"           │        codex-fleet · new agent                                             │           "
"           │   ⎇   Switch worktree…                                            Ctrl B   │           "
"           │        codex-fleet-extract-p1…                                             │           "
"           │                                                                            │           "
"           │                                                                            │           "
"           │                                                                            │           "
"           │                                                                            │           "
"           │                                                                            │           "
"           │                                                                            │           "
"           │                                                                            │           "
"           │                                                                            │           "
"           │ ↵ open    ⌥↵ in all panes    esc cancel    ✦ 7 codex panes                 │           "
"           ╰────────────────────────────────────────────────────────────────────────────╯           "
