---
source: fleet-ui/tests/overlay_spotlight.rs
expression: "format!(\"{}\", terminal.backend())"
---
"           ╭────────────────────────────────────────────────────────────────────────────╮           "
"           │                                                                            │           "
"           │ ⌕  split▏                                                          Ctrl K  │           "
"           │ ────────────────────────────────────────────────────────────────────────── │           "
"           │                                                                            │           "
"           │ TOP HIT                                                                    │           "
"           │                                                                            │           "
"           │   ⊟   Horizontal split                                       tmux · h   ›  │           "
"           │       Split active pane top/bottom                                         │           "
"           │                                                                            │           "
"           │  PANE                                                                      │           "
"           │   ⊞   Vertical split                                                   v   │           "
"           │        Split active pane left/right                                        │           "
"           │                                                                            │           "
"           │                                                                            │           "
"           │                                                                            │           "
"           │                                                                            │           "
"           │                                                                            │           "
"           │                                                                            │           "
"           │                                                                            │           "
"           │                                                                            │           "
"           │                                                                            │           "
"           │                                                                            │           "
"           │                                                                            │           "
"           │                                                                            │           "
"           │                                                                            │           "
"           │                                                                            │           "
"           │                                                                            │           "
"           │                                                                            │           "
"           │                                                                            │           "
"           │                                                                            │           "
"           │                                                                            │           "
"           │                                                                            │           "
"           │                                                                            │           "
"           │                                                                            │           "
"           │                                                                            │           "
"           │                                                                            │           "
"           │                                                                            │           "
"           │ ↵ open · ⌥↵ all panes · esc cancel · ✦ 2 items                             │           "
"           ╰────────────────────────────────────────────────────────────────────────────╯           "
