---
source: fleet-ui/tests/overlay_context_menu.rs
expression: "format!(\"{}\", terminal.backend())"
---
"                                                                                "
"                                                                                "
"                                                                                "
"                                                                                "
"                                                                                "
"                                                                                "
"                                                                                "
"                ╭──────────────────────────────────────────────╮                "
"                │                                              │                "
"                │ ●  pane 1  %47                       ● LIVE  │                "
"                │ ──────────────────────────────────────────── │                "
"                │  ⧉   Copy whole session                 C    │                "
"                │  ▤   Copy visible                       c    │                "
"                │  ≡   Copy this line                     l    │                "
"                │ ──────────────────────────────────────────── │                "
"                │  ⌕   Search history…                    /    │                "
"                │  ↑   Scroll to top                      <    │                "
"                │  ↓   Scroll to bottom                   >    │                "
"                │ ──────────────────────────────────────────── │                "
"                │  ⊟   Horizontal split                   h    │                "
"                │  ⊞   Vertical split                     v    │                "
"                │  ⤢   Zoom pane                          z    │                "
"                │ ──────────────────────────────────────────── │                "
"                │  ↥   Swap up                            u    │                "
"                │  ↧   Swap down                          d    │                "
"                │  ⇄   Swap with marked                   s    │                "
"                │  ◆   Mark pane                          m    │                "
"                │ ──────────────────────────────────────────── │                "
"                │  ↻   Respawn pane                       R    │                "
"                │  ✕   Kill pane                          X    │                "
"                │                                              │                "
"                ╰──────────────────────────────────────────────╯                "
"                                                                                "
"                                                                                "
"                                                                                "
"                                                                                "
"                                                                                "
"                                                                                "
"                                                                                "
"                                                                                "
